error: only one variant can be #[serde(other)]
 --> $DIR/multiple_others.rs:3:10
  |
3 | #[derive(DeserializeRepr)]
  |          ^^^^^^^^^^^^^^^
  |
  = note: this error originates in a derive macro (in Nightly builds, run with -Z macro-backtrace for more info)
