error: must be a unit variant or be tagged with #[serde(untagged)] to use serde_repr derive
 --> tests/ui/non_unit_variant.rs:6:5
  |
6 |     Two(u8),
  |     ^^^
